<testsuites id="" name="" tests="4" failures="0" skipped="0" errors="0" time="2.2808919999999997">
<testsuite name="apiPractice.test.ts" timestamp="2025-03-18T07:27:00.257Z" hostname="" tests="4" failures="0" skipped="0" time="4.563" errors="0">
<testcase name="GET /users API Tests › Verify API responds with 200 status" classname="apiPractice.test.ts" time="1.196">
</testcase>
<testcase name="GET /users API Tests › Verify response contains pagination fields" classname="apiPractice.test.ts" time="1.113">
</testcase>
<testcase name="GET /users API Tests › Verify each user object has required fields" classname="apiPractice.test.ts" time="1.11">
</testcase>
<testcase name="GET /users API Tests › Verify request with query parameters" classname="apiPractice.test.ts" time="1.144">
</testcase>
</testsuite>
</testsuites>